---
source: jp-postal-code/src/usecase.rs
expression: repo.into_inner().lock().unwrap()
---
[
    UtfKenAllRecord {
        local_government_code: "01101",
        old_postal_code: "060  ",
        postal_code: "0600000",
        prefecture_kana: "ホッカイドウ",
        city_kana: "サッポロシチュウオウク",
        town_kana: "",
        prefecture: "北海道",
        city: "札幌市中央区",
        town: "",
        has_multi_postal_code: 0,
        has_chome: 0,
        has_multi_town: 0,
        update_code: 0,
        update_reason: 0,
    },
    UtfKenAllRecord {
        local_government_code: "01101",
        old_postal_code: "064  ",
        postal_code: "0640941",
        prefecture_kana: "ホッカイドウ",
        city_kana: "サッポロシチュウオウク",
        town_kana: "アサヒガオカ",
        prefecture: "北海道",
        city: "札幌市中央区",
        town: "旭ケ丘",
        has_multi_postal_code: 0,
        has_chome: 0,
        has_multi_town: 1,
        update_code: 0,
        update_reason: 0,
    },
    UtfKenAllRecord {
        local_government_code: "01101",
        old_postal_code: "060  ",
        postal_code: "0600041",
        prefecture_kana: "ホッカイドウ",
        city_kana: "サッポロシチュウオウク",
        town_kana: "オオドオリヒガシ",
        prefecture: "北海道",
        city: "札幌市中央区",
        town: "大通東",
        has_multi_postal_code: 0,
        has_chome: 0,
        has_multi_town: 1,
        update_code: 0,
        update_reason: 0,
    },
    UtfKenAllRecord {
        local_government_code: "01101",
        old_postal_code: "060  ",
        postal_code: "0600042",
        prefecture_kana: "ホッカイドウ",
        city_kana: "サッポロシチュウオウク",
        town_kana: "オオドオリニシ１チョウメ",
        prefecture: "北海道",
        city: "札幌市中央区",
        town: "大通西１丁目",
        has_multi_postal_code: 1,
        has_chome: 0,
        has_multi_town: 1,
        update_code: 0,
        update_reason: 0,
    },
    UtfKenAllRecord {
        local_government_code: "01101",
        old_postal_code: "060  ",
        postal_code: "0600042",
        prefecture_kana: "ホッカイドウ",
        city_kana: "サッポロシチュウオウク",
        town_kana: "オオドオリニシ２チョウメ",
        prefecture: "北海道",
        city: "札幌市中央区",
        town: "大通西２丁目",
        has_multi_postal_code: 1,
        has_chome: 0,
        has_multi_town: 1,
        update_code: 0,
        update_reason: 0,
    },
    UtfKenAllRecord {
        local_government_code: "01101",
        old_postal_code: "060  ",
        postal_code: "0600042",
        prefecture_kana: "ホッカイドウ",
        city_kana: "サッポロシチュウオウク",
        town_kana: "オオドオリニシ３チョウメ",
        prefecture: "北海道",
        city: "札幌市中央区",
        town: "大通西３丁目",
        has_multi_postal_code: 1,
        has_chome: 0,
        has_multi_town: 1,
        update_code: 0,
        update_reason: 0,
    },
    UtfKenAllRecord {
        local_government_code: "01101",
        old_postal_code: "060  ",
        postal_code: "0600042",
        prefecture_kana: "ホッカイドウ",
        city_kana: "サッポロシチュウオウク",
        town_kana: "オオドオリニシ４チョウメ",
        prefecture: "北海道",
        city: "札幌市中央区",
        town: "大通西４丁目",
        has_multi_postal_code: 1,
        has_chome: 0,
        has_multi_town: 1,
        update_code: 0,
        update_reason: 0,
    },
    UtfKenAllRecord {
        local_government_code: "01101",
        old_postal_code: "060  ",
        postal_code: "0600042",
        prefecture_kana: "ホッカイドウ",
        city_kana: "サッポロシチュウオウク",
        town_kana: "オオドオリニシ５チョウメ",
        prefecture: "北海道",
        city: "札幌市中央区",
        town: "大通西５丁目",
        has_multi_postal_code: 1,
        has_chome: 0,
        has_multi_town: 1,
        update_code: 0,
        update_reason: 0,
    },
    UtfKenAllRecord {
        local_government_code: "01101",
        old_postal_code: "060  ",
        postal_code: "0600042",
        prefecture_kana: "ホッカイドウ",
        city_kana: "サッポロシチュウオウク",
        town_kana: "オオドオリニシ６チョウメ",
        prefecture: "北海道",
        city: "札幌市中央区",
        town: "大通西６丁目",
        has_multi_postal_code: 1,
        has_chome: 0,
        has_multi_town: 1,
        update_code: 0,
        update_reason: 0,
    },
    UtfKenAllRecord {
        local_government_code: "01101",
        old_postal_code: "060  ",
        postal_code: "0600042",
        prefecture_kana: "ホッカイドウ",
        city_kana: "サッポロシチュウオウク",
        town_kana: "オオドオリニシ７チョウメ",
        prefecture: "北海道",
        city: "札幌市中央区",
        town: "大通西７丁目",
        has_multi_postal_code: 1,
        has_chome: 0,
        has_multi_town: 1,
        update_code: 0,
        update_reason: 0,
    },
    UtfKenAllRecord {
        local_government_code: "01101",
        old_postal_code: "060  ",
        postal_code: "0600042",
        prefecture_kana: "ホッカイドウ",
        city_kana: "サッポロシチュウオウク",
        town_kana: "オオドオリニシ８チョウメ",
        prefecture: "北海道",
        city: "札幌市中央区",
        town: "大通西８丁目",
        has_multi_postal_code: 1,
        has_chome: 0,
        has_multi_town: 1,
        update_code: 0,
        update_reason: 0,
    },
    UtfKenAllRecord {
        local_government_code: "01101",
        old_postal_code: "060  ",
        postal_code: "0600042",
        prefecture_kana: "ホッカイドウ",
        city_kana: "サッポロシチュウオウク",
        town_kana: "オオドオリニシ９チョウメ",
        prefecture: "北海道",
        city: "札幌市中央区",
        town: "大通西９丁目",
        has_multi_postal_code: 1,
        has_chome: 0,
        has_multi_town: 1,
        update_code: 0,
        update_reason: 0,
    },
    UtfKenAllRecord {
        local_government_code: "01101",
        old_postal_code: "060  ",
        postal_code: "0600042",
        prefecture_kana: "ホッカイドウ",
        city_kana: "サッポロシチュウオウク",
        town_kana: "オオドオリニシ１０チョウメ",
        prefecture: "北海道",
        city: "札幌市中央区",
        town: "大通西１０丁目",
        has_multi_postal_code: 1,
        has_chome: 0,
        has_multi_town: 1,
        update_code: 0,
        update_reason: 0,
    },
    UtfKenAllRecord {
        local_government_code: "01101",
        old_postal_code: "060  ",
        postal_code: "0600042",
        prefecture_kana: "ホッカイドウ",
        city_kana: "サッポロシチュウオウク",
        town_kana: "オオドオリニシ１１チョウメ",
        prefecture: "北海道",
        city: "札幌市中央区",
        town: "大通西１１丁目",
        has_multi_postal_code: 1,
        has_chome: 0,
        has_multi_town: 1,
        update_code: 0,
        update_reason: 0,
    },
    UtfKenAllRecord {
        local_government_code: "01101",
        old_postal_code: "060  ",
        postal_code: "0600042",
        prefecture_kana: "ホッカイドウ",
        city_kana: "サッポロシチュウオウク",
        town_kana: "オオドオリニシ１２チョウメ",
        prefecture: "北海道",
        city: "札幌市中央区",
        town: "大通西１２丁目",
        has_multi_postal_code: 1,
        has_chome: 0,
        has_multi_town: 1,
        update_code: 0,
        update_reason: 0,
    },
    UtfKenAllRecord {
        local_government_code: "01101",
        old_postal_code: "060  ",
        postal_code: "0600042",
        prefecture_kana: "ホッカイドウ",
        city_kana: "サッポロシチュウオウク",
        town_kana: "オオドオリニシ１３チョウメ",
        prefecture: "北海道",
        city: "札幌市中央区",
        town: "大通西１３丁目",
        has_multi_postal_code: 1,
        has_chome: 0,
        has_multi_town: 1,
        update_code: 0,
        update_reason: 0,
    },
    UtfKenAllRecord {
        local_government_code: "01101",
        old_postal_code: "060  ",
        postal_code: "0600042",
        prefecture_kana: "ホッカイドウ",
        city_kana: "サッポロシチュウオウク",
        town_kana: "オオドオリニシ１４チョウメ",
        prefecture: "北海道",
        city: "札幌市中央区",
        town: "大通西１４丁目",
        has_multi_postal_code: 1,
        has_chome: 0,
        has_multi_town: 1,
        update_code: 0,
        update_reason: 0,
    },
    UtfKenAllRecord {
        local_government_code: "01101",
        old_postal_code: "060  ",
        postal_code: "0600042",
        prefecture_kana: "ホッカイドウ",
        city_kana: "サッポロシチュウオウク",
        town_kana: "オオドオリニシ１５チョウメ",
        prefecture: "北海道",
        city: "札幌市中央区",
        town: "大通西１５丁目",
        has_multi_postal_code: 1,
        has_chome: 0,
        has_multi_town: 1,
        update_code: 0,
        update_reason: 0,
    },
    UtfKenAllRecord {
        local_government_code: "01101",
        old_postal_code: "060  ",
        postal_code: "0600042",
        prefecture_kana: "ホッカイドウ",
        city_kana: "サッポロシチュウオウク",
        town_kana: "オオドオリニシ１６チョウメ",
        prefecture: "北海道",
        city: "札幌市中央区",
        town: "大通西１６丁目",
        has_multi_postal_code: 1,
        has_chome: 0,
        has_multi_town: 1,
        update_code: 0,
        update_reason: 0,
    },
    UtfKenAllRecord {
        local_government_code: "01101",
        old_postal_code: "060  ",
        postal_code: "0600042",
        prefecture_kana: "ホッカイドウ",
        city_kana: "サッポロシチュウオウク",
        town_kana: "オオドオリニシ１７チョウメ",
        prefecture: "北海道",
        city: "札幌市中央区",
        town: "大通西１７丁目",
        has_multi_postal_code: 1,
        has_chome: 0,
        has_multi_town: 1,
        update_code: 0,
        update_reason: 0,
    },
    UtfKenAllRecord {
        local_government_code: "01101",
        old_postal_code: "060  ",
        postal_code: "0600042",
        prefecture_kana: "ホッカイドウ",
        city_kana: "サッポロシチュウオウク",
        town_kana: "オオドオリニシ１８チョウメ",
        prefecture: "北海道",
        city: "札幌市中央区",
        town: "大通西１８丁目",
        has_multi_postal_code: 1,
        has_chome: 0,
        has_multi_town: 1,
        update_code: 0,
        update_reason: 0,
    },
    UtfKenAllRecord {
        local_government_code: "01101",
        old_postal_code: "060  ",
        postal_code: "0600042",
        prefecture_kana: "ホッカイドウ",
        city_kana: "サッポロシチュウオウク",
        town_kana: "オオドオリニシ１９チョウメ",
        prefecture: "北海道",
        city: "札幌市中央区",
        town: "大通西１９丁目",
        has_multi_postal_code: 1,
        has_chome: 0,
        has_multi_town: 1,
        update_code: 0,
        update_reason: 0,
    },
    UtfKenAllRecord {
        local_government_code: "01101",
        old_postal_code: "060  ",
        postal_code: "0600042",
        prefecture_kana: "ホッカイドウ",
        city_kana: "サッポロシチュウオウク",
        town_kana: "オオドオリニシ",
        prefecture: "北海道",
        city: "札幌市中央区",
        town: "大通西",
        has_multi_postal_code: 1,
        has_chome: 0,
        has_multi_town: 1,
        update_code: 0,
        update_reason: 0,
    },
    UtfKenAllRecord {
        local_government_code: "01101",
        old_postal_code: "064  ",
        postal_code: "0640820",
        prefecture_kana: "ホッカイドウ",
        city_kana: "サッポロシチュウオウク",
        town_kana: "オオドオリニシ２０チョウメ",
        prefecture: "北海道",
        city: "札幌市中央区",
        town: "大通西２０丁目",
        has_multi_postal_code: 1,
        has_chome: 0,
        has_multi_town: 1,
        update_code: 0,
        update_reason: 0,
    },
    UtfKenAllRecord {
        local_government_code: "01101",
        old_postal_code: "064  ",
        postal_code: "0640820",
        prefecture_kana: "ホッカイドウ",
        city_kana: "サッポロシチュウオウク",
        town_kana: "オオドオリニシ２１チョウメ",
        prefecture: "北海道",
        city: "札幌市中央区",
        town: "大通西２１丁目",
        has_multi_postal_code: 1,
        has_chome: 0,
        has_multi_town: 1,
        update_code: 0,
        update_reason: 0,
    },
    UtfKenAllRecord {
        local_government_code: "01101",
        old_postal_code: "064  ",
        postal_code: "0640820",
        prefecture_kana: "ホッカイドウ",
        city_kana: "サッポロシチュウオウク",
        town_kana: "オオドオリニシ２２チョウメ",
        prefecture: "北海道",
        city: "札幌市中央区",
        town: "大通西２２丁目",
        has_multi_postal_code: 1,
        has_chome: 0,
        has_multi_town: 1,
        update_code: 0,
        update_reason: 0,
    },
    UtfKenAllRecord {
        local_government_code: "01101",
        old_postal_code: "064  ",
        postal_code: "0640820",
        prefecture_kana: "ホッカイドウ",
        city_kana: "サッポロシチュウオウク",
        town_kana: "オオドオリニシ２３チョウメ",
        prefecture: "北海道",
        city: "札幌市中央区",
        town: "大通西２３丁目",
        has_multi_postal_code: 1,
        has_chome: 0,
        has_multi_town: 1,
        update_code: 0,
        update_reason: 0,
    },
    UtfKenAllRecord {
        local_government_code: "01101",
        old_postal_code: "064  ",
        postal_code: "0640820",
        prefecture_kana: "ホッカイドウ",
        city_kana: "サッポロシチュウオウク",
        town_kana: "オオドオリニシ２４チョウメ",
        prefecture: "北海道",
        city: "札幌市中央区",
        town: "大通西２４丁目",
        has_multi_postal_code: 1,
        has_chome: 0,
        has_multi_town: 1,
        update_code: 0,
        update_reason: 0,
    },
    UtfKenAllRecord {
        local_government_code: "01101",
        old_postal_code: "064  ",
        postal_code: "0640820",
        prefecture_kana: "ホッカイドウ",
        city_kana: "サッポロシチュウオウク",
        town_kana: "オオドオリニシ２５チョウメ",
        prefecture: "北海道",
        city: "札幌市中央区",
        town: "大通西２５丁目",
        has_multi_postal_code: 1,
        has_chome: 0,
        has_multi_town: 1,
        update_code: 0,
        update_reason: 0,
    },
    UtfKenAllRecord {
        local_government_code: "01101",
        old_postal_code: "064  ",
        postal_code: "0640820",
        prefecture_kana: "ホッカイドウ",
        city_kana: "サッポロシチュウオウク",
        town_kana: "オオドオリニシ２６チョウメ",
        prefecture: "北海道",
        city: "札幌市中央区",
        town: "大通西２６丁目",
        has_multi_postal_code: 1,
        has_chome: 0,
        has_multi_town: 1,
        update_code: 0,
        update_reason: 0,
    },
    UtfKenAllRecord {
        local_government_code: "01101",
        old_postal_code: "064  ",
        postal_code: "0640820",
        prefecture_kana: "ホッカイドウ",
        city_kana: "サッポロシチュウオウク",
        town_kana: "オオドオリニシ２７チョウメ",
        prefecture: "北海道",
        city: "札幌市中央区",
        town: "大通西２７丁目",
        has_multi_postal_code: 1,
        has_chome: 0,
        has_multi_town: 1,
        update_code: 0,
        update_reason: 0,
    },
    UtfKenAllRecord {
        local_government_code: "01101",
        old_postal_code: "064  ",
        postal_code: "0640820",
        prefecture_kana: "ホッカイドウ",
        city_kana: "サッポロシチュウオウク",
        town_kana: "オオドオリニシ２８チョウメ",
        prefecture: "北海道",
        city: "札幌市中央区",
        town: "大通西２８丁目",
        has_multi_postal_code: 1,
        has_chome: 0,
        has_multi_town: 1,
        update_code: 0,
        update_reason: 0,
    },
    UtfKenAllRecord {
        local_government_code: "01101",
        old_postal_code: "064  ",
        postal_code: "0640820",
        prefecture_kana: "ホッカイドウ",
        city_kana: "サッポロシチュウオウク",
        town_kana: "オオドオリニシ",
        prefecture: "北海道",
        city: "札幌市中央区",
        town: "大通西",
        has_multi_postal_code: 1,
        has_chome: 0,
        has_multi_town: 1,
        update_code: 0,
        update_reason: 0,
    },
]
